// Jest Snapshot v1, https://goo.gl/fbAQLP

exports[`MultiPicker component uses global cache if configured 1`] = `
<ul
  class="MuiPaper-root MuiPaper-elevation2"
  role="menu"
  style="position: absolute; z-index: 1400; width: 100%; overflow-y: auto; padding: 0px; margin: 0px;"
>
  <li
    aria-selected="false"
    class="MuiButtonBase-root MuiListItem-root MuiListItem-default MuiListItem-gutters MuiListItem-button MuiMenuItem-root MuiMenuItem-gutters"
    id="downshift-0-item-0"
    role="menuitem"
    style="padding: 0px; height: auto;"
    tabindex="-1"
  >
    <p
      class="MuiTypography-root MuiTypography-body1"
      style="padding: 11px 16px;"
    >
      some suggestion
    </p>
    <span
      class="MuiTouchRipple-root"
    />
  </li>
</ul>
`;
