// Jest Snapshot v1, https://goo.gl/fbAQLP

exports[`MultiPicker component renders custom chip avatars 1`] = `
<div
  class="MuiAvatar-root MuiChip-avatar"
>
  <img
    class="MuiAvatar-img"
    src="./missing-image"
  />
</div>
`;

exports[`MultiPicker component renders custom chip labels 1`] = `
<div
  class="MuiChip-root MuiChip-deletable MultiPicker-pickerChip"
  role="button"
  tabindex="-1"
>
  <span
    class="MuiChip-label"
  >
    some label
  </span>
  <svg
    aria-hidden="true"
    class="MuiSvgIcon-root MuiChip-deleteIcon"
    focusable="false"
    role="presentation"
    viewBox="0 0 24 24"
  >
    <path
      d="M12 2C6.47 2 2 6.47 2 12s4.47 10 10 10 10-4.47 10-10S17.53 2 12 2zm5 13.59L15.59 17 12 13.41 8.41 17 7 15.59 10.59 12 7 8.41 8.41 7 12 10.59 15.59 7 17 8.41 13.41 12 17 15.59z"
    />
  </svg>
</div>
`;

exports[`MultiPicker component renders custom suggestion components 1`] = `
<li
  aria-selected="false"
  class="MuiButtonBase-root MuiListItem-root MuiListItem-default MuiListItem-gutters MuiListItem-button MuiMenuItem-root MuiMenuItem-gutters"
  id="downshift-0-item-0"
  role="menuitem"
  style="padding: 0px; height: auto;"
  tabindex="-1"
>
  <span>
    Some Custom Suggestion
  </span>
  <span
    class="MuiTouchRipple-root"
  />
</li>
`;

exports[`MultiPicker component shows an custom error message if the user provides the ErrorComponent prop 1`] = `
<span>
  Oh dear
</span>
`;
